<?php

namespace App\Filament\Clusters\Website;

use Filament\Clusters\Cluster;

class Blog extends Cluster
{
    protected static ?string $navigationIcon = 'heroicon-o-squares-2x2';
}
