<?php

namespace App\Filament\Resources;

use App\Filament\Resources\PostResource\Pages;
use Filament\Actions;
use Filament\Forms;
use Filament\Resources\Resource;
use Filament\Schemas\Schema;
use Filament\Tables;
use Filament\Tables\Table;
use Filament\Tests\Models\Post;

class PostResource extends Resource
{
    protected static ?string $model = Post::class;

    protected static ?string $navigationIcon = 'heroicon-o-rectangle-stack';

    public static function form(Schema $schema): Schema
    {
        return $schema
            ->components([
                //
            ]);
    }

    public static function table(Table $table): Table
    {
        return $table
            ->columns([
                //
            ])
            ->filters([
                //
            ])
            ->actions([
                Actions\EditAction::make(),
                Actions\DeleteAction::make(),
            ])
            ->bulkActions([
                Actions\BulkActionGroup::make([
                    Actions\DeleteBulkAction::make(),
                ]),
            ]);
    }

    public static function getPages(): array
    {
        return [
            'index' => Pages\ManagePosts::route('/'),
        ];
    }
}
