<?php

namespace App\Filament\Resources;

use App\Filament\Resources\PostResource\Pages;
use Filament\Actions;
use Filament\Forms;
use Filament\Resources\Resource;
use Filament\Schemas\Schema;
use Filament\Tables;
use Filament\Tables\Table;
use Filament\Tests\Models\Post;

class PostResource extends Resource
{
    protected static ?string $model = Post::class;

    protected static ?string $navigationIcon = 'heroicon-o-rectangle-stack';

    public static function form(Schema $schema): Schema
    {
        return $schema
            ->components([
                Forms\Components\Select::make('author_id')
                    ->relationship('author', 'name')
                    ->required(),
                Forms\Components\Textarea::make('content')
                    ->columnSpanFull(),
                Forms\Components\Toggle::make('is_published')
                    ->required(),
                Forms\Components\TextInput::make('rating')
                    ->required()
                    ->numeric()
                    ->default(0),
                Forms\Components\Textarea::make('tags')
                    ->columnSpanFull(),
                Forms\Components\TextInput::make('title')
                    ->required(),
                Forms\Components\Textarea::make('json_array_of_objects')
                    ->columnSpanFull(),
            ]);
    }

    public static function table(Table $table): Table
    {
        return $table
            ->columns([
                Tables\Columns\TextColumn::make('author.name')
                    ->numeric()
                    ->sortable(),
                Tables\Columns\IconColumn::make('is_published')
                    ->boolean(),
                Tables\Columns\TextColumn::make('rating')
                    ->numeric()
                    ->sortable(),
                Tables\Columns\TextColumn::make('title')
                    ->searchable(),
                Tables\Columns\TextColumn::make('created_at')
                    ->dateTime()
                    ->sortable()
                    ->toggleable(isToggledHiddenByDefault: true),
                Tables\Columns\TextColumn::make('updated_at')
                    ->dateTime()
                    ->sortable()
                    ->toggleable(isToggledHiddenByDefault: true),
                Tables\Columns\TextColumn::make('deleted_at')
                    ->dateTime()
                    ->sortable()
                    ->toggleable(isToggledHiddenByDefault: true),
            ])
            ->filters([
                //
            ])
            ->actions([
                Actions\EditAction::make(),
            ])
            ->bulkActions([
                Actions\BulkActionGroup::make([
                    Actions\DeleteBulkAction::make(),
                ]),
            ]);
    }

    public static function getRelations(): array
    {
        return [
            //
        ];
    }

    public static function getPages(): array
    {
        return [
            'index' => Pages\ListPosts::route('/'),
            'create' => Pages\CreatePost::route('/create'),
            'edit' => Pages\EditPost::route('/{record}/edit'),
        ];
    }
}
