<?php

namespace App\Filament\Clusters\Website\Blog;

use Filament\Clusters\Cluster;

class BlogCluster extends Cluster
{
    protected static ?string $navigationIcon = 'heroicon-o-squares-2x2';
}
