<?php

namespace App\Filament\Pages;

use Filament\Pages\Page;

class ManageSettings extends Page
{
    protected static string $view = 'filament.pages.manage-settings';
}
