<?php

namespace App\Filament\Resources\Users\Pages;

use App\Filament\Resources\Users\UserResource;
use Filament\Actions\AttachAction;
use Filament\Actions\BulkActionGroup;
use Filament\Actions\CreateAction;
use Filament\Actions\DeleteAction;
use Filament\Actions\DeleteBulkAction;
use Filament\Actions\DetachAction;
use Filament\Actions\DetachBulkAction;
use Filament\Actions\EditAction;
use Filament\Forms\Components\TextInput;
use Filament\Forms\Components\Textarea;
use Filament\Resources\Pages\ManageRelatedRecords;
use Filament\Schemas\Schema;
use Filament\Tables\Columns\TextColumn;
use Filament\Tables\Table;

class ManageUserTeams extends ManageRelatedRecords
{
    protected static string $resource = UserResource::class;

    protected static string $relationship = 'teams';

    protected static ?string $navigationIcon = 'heroicon-o-rectangle-stack';

    protected static function getNavigationLabel(): string
    {
        return 'Teams';
    }

    public function form(Schema $schema): Schema
    {
        return $schema
            ->components([
                TextInput::make('name')
                    ->required(),
                Textarea::make('description')
                    ->columnSpanFull(),
            ]);
    }

    public function table(Table $table): Table
    {
        return $table
            ->recordTitleAttribute('name')
            ->columns([
                TextColumn::make('name')
                    ->searchable(),
                TextColumn::make('created_at')
                    ->dateTime()
                    ->sortable()
                    ->toggleable(isToggledHiddenByDefault: true),
                TextColumn::make('updated_at')
                    ->dateTime()
                    ->sortable()
                    ->toggleable(isToggledHiddenByDefault: true),
            ])
            ->filters([
                //
            ])
            ->headerActions([
                CreateAction::make(),
                AttachAction::make(),
            ])
            ->actions([
                EditAction::make(),
                DetachAction::make(),
                DeleteAction::make(),
            ])
            ->bulkActions([
                BulkActionGroup::make([
                    DetachBulkAction::make(),
                    DeleteBulkAction::make(),
                ]),
            ]);
    }
}
