<?php

namespace App\Filament\Resources\Users\Pages;

use App\Filament\Resources\Users\UserResource;
use Filament\Resources\Pages\Page;

class ManageUserPermissions extends Page
{
    protected static string $resource = UserResource::class;

    protected static string $view = 'filament.resources.users.pages.manage-user-permissions';
}
