<?php

namespace App\Filament\Resources\Posts;

use App\Filament\Resources\Posts\Pages\ManagePosts;
use Filament\Actions\BulkActionGroup;
use Filament\Actions\DeleteAction;
use Filament\Actions\DeleteBulkAction;
use Filament\Actions\EditAction;
use Filament\Resources\Resource;
use Filament\Schemas\Schema;
use Filament\Tables\Table;
use Filament\Tests\Models\Post;

class PostResource extends Resource
{
    protected static ?string $model = Post::class;

    protected static ?string $navigationIcon = 'heroicon-o-rectangle-stack';

    public static function form(Schema $schema): Schema
    {
        return $schema
            ->components([
                //
            ]);
    }

    public static function table(Table $table): Table
    {
        return $table
            ->columns([
                //
            ])
            ->filters([
                //
            ])
            ->actions([
                EditAction::make(),
                DeleteAction::make(),
            ])
            ->bulkActions([
                BulkActionGroup::make([
                    DeleteBulkAction::make(),
                ]),
            ]);
    }

    public static function getPages(): array
    {
        return [
            'index' => ManagePosts::route('/'),
        ];
    }
}
