<?php

namespace App\Filament\Resources\Posts;

use App\Filament\Resources\Posts\Pages\CreatePost;
use App\Filament\Resources\Posts\Pages\EditPost;
use App\Filament\Resources\Posts\Pages\ListPosts;
use Filament\Actions\BulkActionGroup;
use Filament\Actions\DeleteBulkAction;
use Filament\Actions\EditAction;
use Filament\Forms\Components\Select;
use Filament\Forms\Components\TextInput;
use Filament\Forms\Components\Textarea;
use Filament\Forms\Components\Toggle;
use Filament\Resources\Resource;
use Filament\Schemas\Schema;
use Filament\Tables\Columns\IconColumn;
use Filament\Tables\Columns\TextColumn;
use Filament\Tables\Table;
use Filament\Tests\Models\Post;

class PostResource extends Resource
{
    protected static ?string $model = Post::class;

    protected static ?string $navigationIcon = 'heroicon-o-rectangle-stack';

    public static function form(Schema $schema): Schema
    {
        return $schema
            ->components([
                Select::make('author_id')
                    ->relationship('author', 'name')
                    ->required(),
                Textarea::make('content')
                    ->columnSpanFull(),
                Toggle::make('is_published')
                    ->required(),
                TextInput::make('rating')
                    ->required()
                    ->numeric()
                    ->default(0),
                Textarea::make('tags')
                    ->columnSpanFull(),
                TextInput::make('title')
                    ->required(),
                Textarea::make('json_array_of_objects')
                    ->columnSpanFull(),
            ]);
    }

    public static function table(Table $table): Table
    {
        return $table
            ->columns([
                TextColumn::make('author.name')
                    ->numeric()
                    ->sortable(),
                IconColumn::make('is_published')
                    ->boolean(),
                TextColumn::make('rating')
                    ->numeric()
                    ->sortable(),
                TextColumn::make('title')
                    ->searchable(),
                TextColumn::make('created_at')
                    ->dateTime()
                    ->sortable()
                    ->toggleable(isToggledHiddenByDefault: true),
                TextColumn::make('updated_at')
                    ->dateTime()
                    ->sortable()
                    ->toggleable(isToggledHiddenByDefault: true),
                TextColumn::make('deleted_at')
                    ->dateTime()
                    ->sortable()
                    ->toggleable(isToggledHiddenByDefault: true),
            ])
            ->filters([
                //
            ])
            ->actions([
                EditAction::make(),
            ])
            ->bulkActions([
                BulkActionGroup::make([
                    DeleteBulkAction::make(),
                ]),
            ]);
    }

    public static function getRelations(): array
    {
        return [
            //
        ];
    }

    public static function getPages(): array
    {
        return [
            'index' => ListPosts::route('/'),
            'create' => CreatePost::route('/create'),
            'edit' => EditPost::route('/{record}/edit'),
        ];
    }
}
