<?php

namespace App\Filament\Resources\Posts;

use App\Filament\Resources\Posts\Pages\CreatePost;
use App\Filament\Resources\Posts\Pages\EditPost;
use App\Filament\Resources\Posts\Pages\ListPosts;
use App\Filament\Resources\Posts\Schemas\PostForm;
use App\Filament\Resources\Posts\Tables\PostsTable;
use Filament\Resources\Resource;
use Filament\Schemas\Schema;
use Filament\Tables\Table;
use Filament\Tests\Models\Post;
use Illuminate\Database\Eloquent\Builder;
use Illuminate\Database\Eloquent\SoftDeletingScope;

class PostResource extends Resource
{
    protected static ?string $model = Post::class;

    protected static ?string $navigationIcon = 'heroicon-o-rectangle-stack';

    public static function form(Schema $schema): Schema
    {
        return PostForm::configure($schema);
    }

    public static function table(Table $table): Table
    {
        return PostsTable::configure($table);
    }

    public static function getRelations(): array
    {
        return [
            //
        ];
    }

    public static function getPages(): array
    {
        return [
            'index' => ListPosts::route('/'),
            'create' => CreatePost::route('/create'),
            'edit' => EditPost::route('/{record}/edit'),
        ];
    }

    public static function getEloquentQuery(): Builder
    {
        return parent::getEloquentQuery()
            ->withoutGlobalScopes([
                SoftDeletingScope::class,
            ]);
    }
}
