[
    "fi-color",
    "fi-color-danger",
    "fi-bg-color-600",
    "hover:fi-bg-color-500",
    "dark:fi-bg-color-600",
    "dark:hover:fi-bg-color-500",
    "fi-text-color-0",
    "hover:fi-text-color-0",
    "dark:fi-text-color-0",
    "dark:hover:fi-text-color-0"
]