<?php

namespace App\Filament\Resources\UserResource\Pages;

use App\Filament\Resources\UserResource;
use Filament\Actions;
use Filament\Forms;
use Filament\Infolists;
use Filament\Resources\Pages\ManageRelatedRecords;
use Filament\Schemas\Schema;
use Filament\Tables;
use Filament\Tables\Table;

class ManageUserTeams extends ManageRelatedRecords
{
    protected static string $resource = UserResource::class;

    protected static string $relationship = 'teams';

    protected static ?string $navigationIcon = 'heroicon-o-rectangle-stack';

    protected static function getNavigationLabel(): string
    {
        return 'Teams';
    }

    public function form(Schema $schema): Schema
    {
        return $schema
            ->components([
                Forms\Components\TextInput::make('name')
                    ->required()
                    ->maxLength(255),
            ]);
    }

    public function infolist(Schema $schema): Schema
    {
        return $schema
            ->components([
                Infolists\Components\TextEntry::make('name'),
            ]);
    }

    public function table(Table $table): Table
    {
        return $table
            ->recordTitleAttribute('name')
            ->columns([
                Tables\Columns\TextColumn::make('name')
                    ->searchable(),
            ])
            ->filters([
                //
            ])
            ->headerActions([
                Actions\CreateAction::make(),
                Actions\AttachAction::make(),
            ])
            ->actions([
                Actions\ViewAction::make(),
                Actions\EditAction::make(),
                Actions\DetachAction::make(),
                Actions\DeleteAction::make(),
            ])
            ->bulkActions([
                Actions\BulkActionGroup::make([
                    Actions\DetachBulkAction::make(),
                    Actions\DeleteBulkAction::make(),
                ]),
            ]);
    }
}
