<?php

namespace App\Filament\Resources\UserResource\Pages;

use App\Filament\Resources\TeamResource;
use App\Filament\Resources\UserResource;
use Filament\Resources\Pages\ManageRelatedRecords;

class ManageUserTeams extends ManageRelatedRecords
{
    protected static string $resource = UserResource::class;

    protected static string $relationship = 'teams';

    protected static ?string $navigationIcon = 'heroicon-o-rectangle-stack';

    protected static ?string $relatedResource = TeamResource::class;

    protected static function getNavigationLabel(): string
    {
        return 'Teams';
    }
}
