<?php

namespace App\Filament\Pages\Site;

use Filament\Pages\Page;

class ManageSettings extends Page
{
    protected static string $view = 'filament.pages.site.manage-settings';
}
